Script started on 2019-10-24 11:51:23-04:00 [TERM="xterm-256color" TTY="/dev/pts/0" COLUMNS="80" LINES="49"]
amchugh2@g7-14:~/i220a_new/work/lab10$ cd rotate
bash: cd: rotate: No such file or directory
amchugh2@g7-14:~/i220a_new/work/lab10$ ls
files  lab10.html  lab10.log  lab10.pdf  lab10.umt  Makefile
amchugh2@g7-14:~/i220a_new/work/lab10$ cd files
amchugh2@g7-14:~/i220a_new/work/lab10/files$ ls
cpuid1	cpuid2	parity	rip  rotate  rsp
amchugh2@g7-14:~/i220a_new/work/lab10/files$ cdl[K rotate
amchugh2@g7-14:~/i220a_new/work/lab10/files/rotate$ i[Kvim rotate.c
[?1000h[?2004h[?1049h[22;0;0t[?1h=[?2004h[1;49r[?12h[?12l[22;2t[22;1t[27m[23m[29m[m[H[2J[?25l[49;1H"rotate.c" 19L, 326C[2;1Hâ–½[6n[2;1H  [1;1H[>c]10;?]11;?[1;1H[35m#include [m[31m<limits.h>[m

[32minline[m [32munsigned[m
rotl([32munsigned[m x, [32mint[m shift)
{
  [38;5;130mreturn[m (x << shift) | (x >> ([38;5;130msizeof[m(x)*[31mCHAR_BIT[m - shift));
}

[32minline[m [32munsigned[m
rotr([32munsigned[m x, [32mint[m shift)
{
  [38;5;130mreturn[m (x >> shift) | (x << ([38;5;130msizeof[m(x)*[31mCHAR_BIT[m - shift));
}

[32munsigned[m
f([32munsigned[m a, [32munsigned[m b, [32munsigned[m n)
{
  [38;5;130mreturn[m rotl(a, n) + rotr(b, n);
}
[94m~                                                                               [21;1H~                                                                               [22;1H~                                                                               [23;1H~                                                                               [24;1H~                                                                               [25;1H~                                                                               [26;1H~                                                                               [27;1H~                                                                               [28;1H~                                                                               [29;1H~                                                                               [30;1H~                                                                               [31;1H~                                                                               [32;1H~                                                                               [33;1H~                                                                               [34;1H~                                                                               [35;1H~                                                                               [36;1H~                                                                               [37;1H~                                                                               [38;1H~                                                                               [39;1H~                                                                               [40;1H~                                                                               [41;1H~                                                                               [42;1H~                                                                               [43;1H~                                                                               [44;1H~                                                                               [45;1H~                                                                               [46;1H~                                                                               [47;1H~                                                                               [48;1H~                                                                               [m[49;63H1,1[11CAll]2;rotate.c (~/git-repos/i220a_new/work/lab10/files/rotate) - VIM]1;rotate.c[1;1H[?25hP+q436f\P+q6b75\P+q6b64\P+q6b72\P+q6b6c\P+q2332\P+q2334\P+q2569\P+q2a37\P+q6b31\[?1000l[?1006h[?1002h[?1006l[?1002l[?1006h[?1002h[27m[23m[29m[m[H[2J[?25l[1;1H[38;5;81m#include [m[95m<limits.h>[m

[38;5;121minline[m [38;5;121munsigned[m
rotl([38;5;121munsigned[m x, [38;5;121mint[m shift)
{
  [93mreturn[m (x << shift) | (x >> ([93msizeof[m(x)*[95mCHAR_BIT[m - shift));
}

[38;5;121minline[m [38;5;121munsigned[m
rotr([38;5;121munsigned[m x, [38;5;121mint[m shift)
{
  [93mreturn[m (x >> shift) | (x << ([93msizeof[m(x)*[95mCHAR_BIT[m - shift));
}

[38;5;121munsigned[m
f([38;5;121munsigned[m a, [38;5;121munsigned[m b, [38;5;121munsigned[m n)
{
  [93mreturn[m rotl(a, n) + rotr(b, n);
}
[94m~                                                                               [21;1H~                                                                               [22;1H~                                                                               [23;1H~                                                                               [24;1H~                                                                               [25;1H~                                                                               [26;1H~                                                                               [27;1H~                                                                               [28;1H~                                                                               [29;1H~                                                                               [30;1H~                                                                               [31;1H~                                                                               [32;1H~                                                                               [33;1H~                                                                               [34;1H~                                                                               [35;1H~                                                                               [36;1H~                                                                               [37;1H~                                                                               [38;1H~                                                                               [39;1H~                                                                               [40;1H~                                                                               [41;1H~                                                                               [42;1H~                                                                               [43;1H~                                                                               [44;1H~                                                                               [45;1H~                                                                               [46;1H~                                                                               [47;1H~                                                                               [48;1H~                                                                               [m[49;63H1,1[11CAll"rotate.c" 19L, 326C[1;1H[?25h[?25l[49;53H:[1;1H[49;1H[K[49;1H:[?2004h[?25hc[?25l[?25ho[?25l[?25hl[?25l[?25ho[?25l[?25h[?25l [?25hm[?25l[?25ho[?25l[?25hr[?25l[?25hn[?25l[?25hi[?25l[?25hn[?25l[?25hg[?25l[?25h[?25l[30m[47m[1;1H[27m[23m[29m[m[30m[47m[H[2J[1;1H[35m#include [m[30m[47m[31m<limits.h>[m[30m[47m

[32minline[m[30m[47m [32munsigned[m[30m[47m
rotl([32munsigned[m[30m[47m x, [32mint[m[30m[47m shift)
{
  [1m[38;5;130mreturn[m[30m[47m (x << shift) | (x >> ([1m[38;5;130msizeof[m[30m[47m(x)*[31mCHAR_BIT[m[30m[47m - shift));
}

[32minline[m[30m[47m [32munsigned[m[30m[47m
rotr([32munsigned[m[30m[47m x, [32mint[m[30m[47m shift)
{
  [1m[38;5;130mreturn[m[30m[47m (x >> shift) | (x << ([1m[38;5;130msizeof[m[30m[47m(x)*[31mCHAR_BIT[m[30m[47m - shift));
}

[32munsigned[m[30m[47m
f([32munsigned[m[30m[47m a, [32munsigned[m[30m[47m b, [32munsigned[m[30m[47m n)
{
  [1m[38;5;130mreturn[m[30m[47m rotl(a, n) + rotr(b, n);
}
[94m~                                                                               [21;1H~                                                                               [22;1H~                                                                               [23;1H~                                                                               [24;1H~                                                                               [25;1H~                                                                               [26;1H~                                                                               [27;1H~                                                                               [28;1H~                                                                               [29;1H~                                                                               [30;1H~                                                                               [31;1H~                                                                               [32;1H~                                                                               [33;1H~                                                                               [34;1H~                                                                               [35;1H~                                                                               [36;1H~                                                                               [37;1H~                                                                               [38;1H~                                                                               [39;1H~                                                                               [40;1H~                                                                               [41;1H~                                                                               [42;1H~                                                                               [43;1H~                                                                               [44;1H~                                                                               [45;1H~                                                                               [46;1H~                                                                               [47;1H~                                                                               [48;1H~                                                                               [m[30m[47m[49;63H1,1[11CAll[1;1H[?25h[?25l[49;53H:[1;1H[49;53H[K[49;1H:[?2004h[?25hx[?25l[?25h[?25l[?1006l[?1002l[?2004l]2;Terminal - ]1;Terminal - [23;2t[23;1t[22;2t[22;1t[23;2t[23;1t[49;1H[K[49;1H[?2004l[?1l>[?25h[?1049l[23;0;0tamchugh2@g7-14:~/i220a_new/work/lab10/files/rotate$ make
cc -S -Wall -Og -std=c11 rotate.c
amchugh2@g7-14:~/i220a_new/work/lab10/files/rotate$ ls
Makefile  rotate.c  rotate.s
amchugh2@g7-14:~/i220a_new/work/lab10/files/rotate$ vim rotate.s
[?1000h[?2004h[?1049h[22;0;0t[?1h=[?2004h[1;49r[?12h[?12l[22;2t[22;1t[27m[23m[29m[m[H[2J[?25l[49;1H"rotate.s" 17L, 271C[2;1Hâ–½[6n[2;1H  [1;1H[>c]10;?]11;?[1;9H[38;5;130m.file[m   "[36mrotate[m[38;5;130m.c[m"[2;9H[38;5;130m.text[3;9H.globl[m  [36mf[m[4;9H[38;5;130m.type[m   [36mf[m, @[36mfunction
f[m:
[38;5;130m.LFB2[m:[7;9H[38;5;130m.cfi_startproc[m[8;9H[36mmovl[m    %[36medx[m, %[36mecx[9;9Hroll[m    %[36mcl[m, %[36medi[10;9Hrorl[m    %[36mcl[m, %[36mesi[11;9Hleal[m    (%[36mrdi[m,%[36mrsi[m), %[36meax[12;9Hret[m[13;9H[38;5;130m.cfi_endproc
.LFE2[m:[15;9H[38;5;130m.size[m   [36mf[m, .-[36mf[m[16;9H[38;5;130m.ident[m  "[36mGCC[m: ([36mDebian[m [31m8[m.[31m3[m.0-[31m6[m) [31m8[m.[31m3[m.0"[17;9H[38;5;130m.section[8C.note.GNU-stack[m,"",@[36mprogbits[m
[94m~                                                                               [19;1H~                                                                               [20;1H~                                                                               [21;1H~                                                                               [22;1H~                                                                               [23;1H~                                                                               [24;1H~                                                                               [25;1H~                                                                               [26;1H~                                                                               [27;1H~                                                                               [28;1H~                                                                               [29;1H~                                                                               [30;1H~                                                                               [31;1H~                                                                               [32;1H~                                                                               [33;1H~                                                                               [34;1H~                                                                               [35;1H~                                                                               [36;1H~                                                                               [37;1H~                                                                               [38;1H~                                                                               [39;1H~                                                                               [40;1H~                                                                               [41;1H~                                                                               [42;1H~                                                                               [43;1H~                                                                               [44;1H~                                                                               [45;1H~                                                                               [46;1H~                                                                               [47;1H~                                                                               [48;1H~                                                                               [m[49;63H1,1-8[9CAll]2;rotate.s (~/git-repos/i220a_new/work/lab10/files/rotate) - VIM]1;rotate.s[1;8H[?25hP+q436f\P+q6b75\P+q6b64\P+q6b72\P+q6b6c\P+q2332\P+q2334\P+q2569\P+q2a37\P+q6b31\[?1000l[?1006h[?1002h[?1006l[?1002l[?1006h[?1002h[27m[23m[29m[m[H[2J[?25l[1;9H[93m.file[m   "[1m[96mrotate[m[93m.c[m"[2;9H[93m.text[3;9H.globl[m  [1m[96mf[m[4;9H[93m.type[m   [1m[96mf[m, @[1m[96mfunction
f[m:
[93m.LFB2[m:[7;9H[93m.cfi_startproc[m[8;9H[1m[96mmovl[m    %[1m[96medx[m, %[1m[96mecx[9;9Hroll[m    %[1m[96mcl[m, %[1m[96medi[10;9Hrorl[m    %[1m[96mcl[m, %[1m[96mesi[11;9Hleal[m    (%[1m[96mrdi[m,%[1m[96mrsi[m), %[1m[96meax[12;9Hret[m[13;9H[93m.cfi_endproc
.LFE2[m:[15;9H[93m.size[m   [1m[96mf[m, .-[1m[96mf[m[16;9H[93m.ident[m  "[1m[96mGCC[m: ([1m[96mDebian[m [95m8[m.[95m3[m.0-[95m6[m) [95m8[m.[95m3[m.0"[17;9H[93m.section[8C.note.GNU-stack[m,"",@[1m[96mprogbits[m
[94m~                                                                               [19;1H~                                                                               [20;1H~                                                                               [21;1H~                                                                               [22;1H~                                                                               [23;1H~                                                                               [24;1H~                                                                               [25;1H~                                                                               [26;1H~                                                                               [27;1H~                                                                               [28;1H~                                                                               [29;1H~                                                                               [30;1H~                                                                               [31;1H~                                                                               [32;1H~                                                                               [33;1H~                                                                               [34;1H~                                                                               [35;1H~                                                                               [36;1H~                                                                               [37;1H~                                                                               [38;1H~                                                                               [39;1H~                                                                               [40;1H~                                                                               [41;1H~                                                                               [42;1H~                                                                               [43;1H~                                                                               [44;1H~                                                                               [45;1H~                                                                               [46;1H~                                                                               [47;1H~                                                                               [48;1H~                                                                               [m[49;63H1,1-8[9CAll"rotate.s" 17L, 271C[1;8H[?25h[?25l[49;64H7,25-39[17;39H[?25h[?25l[49;66H12-26[17;26H[?25h[?25l[49;53H:[17;26H[49;1H[K[49;1H:[?2004h[?25hx[?25l[?25h[?25l[?1006l[?1002l[?2004l]2;Terminal - ]1;Terminal - [23;2t[23;1t[22;2t[22;1t[23;2t[23;1t[49;1H[K[49;1H[?2004l[?1l>[?25h[?1049l[23;0;0tamchugh2@g7-14:~/i220a_new/work/lab10/files/rotate$ ls
Makefile  rotate.c  rotate.s
amchugh2@g7-14:~/i220a_new/work/lab10/files/rotate$ cd ..
amchugh2@g7-14:~/i220a_new/work/lab10/files$ ls
cpuid1	cpuid2	parity	rip  rotate  rsp
amchugh2@g7-14:~/i220a_new/work/lab10/files$ cd cpuid[K[Kid1
amchugh2@g7-14:~/i220a_new/work/lab10/files/cpuid1$ ls
cpuid.s  main.c  Makefile
amchugh2@g7-14:~/i220a_new/work/lab10/files/cpuid1$ vim cpuid.s
[?1000h[?2004h[?1049h[22;0;0t[?1h=[?2004h[1;49r[?12h[?12l[22;2t[22;1t[27m[23m[29m[m[H[2J[?25l[49;1H"cpuid.s" 19L, 546C[2;1Hâ–½[6n[2;1H  [1;1H[>c]10;?]11;?[1;1H[34m#get_cpuid(int *eaxP, int *ebxP, int *ecxP, int *edxP).
#rdi = eaxP, rsi = ebxP, rdx = edxP, rcx = ecxP[m[3;9H[38;5;130m.text[4;9H.globl[m [36mget_cpuid
get_cpuid[m:[6;9H[36mpushq[m   %[36mrcx[7;9Hpushq[m   %[36mrdx[8;9Hxorl[m    %[36meax[m, %[36meax[m      [34m#setup cpuid opcode to 0[m[9;9H[36mcpuid[m[10;9H[34m#largest param in %eax[11;9H#12-char manufacturer string in ebx, edx, ecx.[m[12;9H[36mmovl[m    %[36meax[m, (%[36mrdi[m)    [34m#store eax cpuid result[m[13;9H[36mmovl[m    %[36mebx[m, (%[36mrsi[m)    [34m#store ebx cpuid result[m[14;9H[36mpopq[m    %[36mrax[m[12C[34m#pop address for edxP[m[15;9H[36mmovl[m    %[36medx[m, (%[36mrax[m)    [34m#store edx cpuid result[m[16;9H[36mpopq[m    %[36mrax[m[12C[34m#pop address for ecxP[m[17;9H[36mmovl[m    %[36mecx[m, (%[36mrax[m)    [34m#store ecx cpuid result[m[18;9H[36mret[m

[94m~                                                                               [21;1H~                                                                               [22;1H~                                                                               [23;1H~                                                                               [24;1H~                                                                               [25;1H~                                                                               [26;1H~                                                                               [27;1H~                                                                               [28;1H~                                                                               [29;1H~                                                                               [30;1H~                                                                               [31;1H~                                                                               [32;1H~                                                                               [33;1H~                                                                               [34;1H~                                                                               [35;1H~                                                                               [36;1H~                                                                               [37;1H~                                                                               [38;1H~                                                                               [39;1H~                                                                               [40;1H~                                                                               [41;1H~                                                                               [42;1H~                                                                               [43;1H~                                                                               [44;1H~                                                                               [45;1H~                                                                               [46;1H~                                                                               [47;1H~                                                                               [48;1H~                                                                               [m[49;63H1,1[11CAll]2;cpuid.s (~/git-repos/i220a_new/work/lab10/files/cpuid1) - VIM]1;cpuid.s[1;1H[?25hP+q436f\P+q6b75\P+q6b64\P+q6b72\P+q6b6c\P+q2332\P+q2334\P+q2569\P+q2a37\P+q6b31\[?1000l[?1006h[?1002h[?1006l[?1002l[?1006h[?1002h[27m[23m[29m[m[H[2J[?25l[1;1H[96m#get_cpuid(int *eaxP, int *ebxP, int *ecxP, int *edxP).
#rdi = eaxP, rsi = ebxP, rdx = edxP, rcx = ecxP[m[3;9H[93m.text[4;9H.globl[m [1m[96mget_cpuid
get_cpuid[m:[6;9H[1m[96mpushq[m   %[1m[96mrcx[7;9Hpushq[m   %[1m[96mrdx[8;9Hxorl[m    %[1m[96meax[m, %[1m[96meax[m      [96m#setup cpuid opcode to 0[m[9;9H[1m[96mcpuid[m[10;9H[96m#largest param in %eax[11;9H#12-char manufacturer string in ebx, edx, ecx.[m[12;9H[1m[96mmovl[m    %[1m[96meax[m, (%[1m[96mrdi[m)    [96m#store eax cpuid result[m[13;9H[1m[96mmovl[m    %[1m[96mebx[m, (%[1m[96mrsi[m)    [96m#store ebx cpuid result[m[14;9H[1m[96mpopq[m    %[1m[96mrax[m[12C[96m#pop address for edxP[m[15;9H[1m[96mmovl[m    %[1m[96medx[m, (%[1m[96mrax[m)    [96m#store edx cpuid result[m[16;9H[1m[96mpopq[m    %[1m[96mrax[m[12C[96m#pop address for ecxP[m[17;9H[1m[96mmovl[m    %[1m[96mecx[m, (%[1m[96mrax[m)    [96m#store ecx cpuid result[m[18;9H[1m[96mret[m

[94m~                                                                               [21;1H~                                                                               [22;1H~                                                                               [23;1H~                                                                               [24;1H~                                                                               [25;1H~                                                                               [26;1H~                                                                               [27;1H~                                                                               [28;1H~                                                                               [29;1H~                                                                               [30;1H~                                                                               [31;1H~                                                                               [32;1H~                                                                               [33;1H~                                                                               [34;1H~                                                                               [35;1H~                                                                               [36;1H~                                                                               [37;1H~                                                                               [38;1H~                                                                               [39;1H~                                                                               [40;1H~                                                                               [41;1H~                                                                               [42;1H~                                                                               [43;1H~                                                                               [44;1H~                                                                               [45;1H~                                                                               [46;1H~                                                                               [47;1H~                                                                               [48;1H~                                                                               [m[49;63H1,1[11CAll"cpuid.s" 19L, 546C[1;1H[?25h[?25l[49;53H:[1;1H[49;1H[K[49;1H:[?2004h[?25hc[?25l[?25ho[?25l[?25hl[?25l[?25ho[?25l[?25h[?25l [?25hm[?25l[?25ho[?25l[?25hr[?25l[?25hn[?25l[?25hi[?25l[?25hn[?25l[?25hg[?25l[?25h[?25l[30m[47m[1;1H[27m[23m[29m[m[30m[47m[H[2J[1;1H[34m#get_cpuid(int *eaxP, int *ebxP, int *ecxP, int *edxP).
#rdi = eaxP, rsi = ebxP, rdx = edxP, rcx = ecxP[m[30m[47m[3;9H[1m[38;5;130m.text[4;9H.globl[m[30m[47m [36mget_cpuid
get_cpuid[m[30m[47m:[6;9H[36mpushq[m[30m[47m   %[36mrcx[7;9Hpushq[m[30m[47m   %[36mrdx[8;9Hxorl[m[30m[47m    %[36meax[m[30m[47m, %[36meax[m[30m[47m      [34m#setup cpuid opcode to 0[m[30m[47m[9;9H[36mcpuid[m[30m[47m[10;9H[34m#largest param in %eax[11;9H#12-char manufacturer string in ebx, edx, ecx.[m[30m[47m[12;9H[36mmovl[m[30m[47m    %[36meax[m[30m[47m, (%[36mrdi[m[30m[47m)    [34m#store eax cpuid result[m[30m[47m[13;9H[36mmovl[m[30m[47m    %[36mebx[m[30m[47m, (%[36mrsi[m[30m[47m)    [34m#store ebx cpuid result[m[30m[47m[14;9H[36mpopq[m[30m[47m    %[36mrax[m[30m[47m[12C[34m#pop address for edxP[m[30m[47m[15;9H[36mmovl[m[30m[47m    %[36medx[m[30m[47m, (%[36mrax[m[30m[47m)    [34m#store edx cpuid result[m[30m[47m[16;9H[36mpopq[m[30m[47m    %[36mrax[m[30m[47m[12C[34m#pop address for ecxP[m[30m[47m[17;9H[36mmovl[m[30m[47m    %[36mecx[m[30m[47m, (%[36mrax[m[30m[47m)    [34m#store ecx cpuid result[m[30m[47m[18;9H[36mret[m[30m[47m

[94m~                                                                               [21;1H~                                                                               [22;1H~                                                                               [23;1H~                                                                               [24;1H~                                                                               [25;1H~                                                                               [26;1H~                                                                               [27;1H~                                                                               [28;1H~                                                                               [29;1H~                                                                               [30;1H~                                                                               [31;1H~                                                                               [32;1H~                                                                               [33;1H~                                                                               [34;1H~                                                                               [35;1H~                                                                               [36;1H~                                                                               [37;1H~                                                                               [38;1H~                                                                               [39;1H~                                                                               [40;1H~                                                                               [41;1H~                                                                               [42;1H~                                                                               [43;1H~                                                                               [44;1H~                                                                               [45;1H~                                                                               [46;1H~                                                                               [47;1H~                                                                               [48;1H~                                                                               [m[30m[47m[49;63H1,1[11CAll[1;1H[?25h[?25l[49;64H9,1-8[19;8H[?25h[?25l[49;53H:[19;8H[49;53H[K[49;1H:[?2004h[?25hx[?25l[?25h[?25l[?1006l[?1002l[?2004l]2;Terminal - ]1;Terminal - [23;2t[23;1t[22;2t[22;1t[23;2t[23;1t[49;1H[K[49;1H[?2004l[?1l>[?25h[?1049l[23;0;0tamchugh2@g7-14:~/i220a_new/work/lab10/files/cpuid1$ ./co[Kpuid
bash: ./cpuid: No such file or directory
amchugh2@g7-14:~/i220a_new/work/lab10/files/cpuid1$ make
cc -g -Wall -std=c11 -Og   -c -o main.o main.c
cc -c -g -Wall -std=c11 -Og cpuid.s -o cpuid.o
cc main.o cpuid.o -o cpuid
amchugh2@g7-14:~/i220a_new/work/lab10/files/cpuid1$ ./cpuid
cpuid: eax = 0xd; ebx = 0x756e6547; edx = 0x49656e69; ecx = 0x6c65746e
vendor: GenuineIntel
amchugh2@g7-14:~/i220a_new/work/lab10/files/cpuid1$ cd ..
amchugh2@g7-14:~/i220a_new/work/lab10/files$ cd cpuid2
amchugh2@g7-14:~/i220a_new/work/lab10/files/cpuid2$ ls
cpuid.s  main.c  Makefile
amchugh2@g7-14:~/i220a_new/work/lab10/files/cpuid2$ vim main.c
[?1000h[?2004h[?1049h[22;0;0t[?1h=[?2004h[1;49r[?12h[?12l[22;2t[22;1t[27m[23m[29m[m[H[2J[?25l[49;1H"main.c" 43L, 1271C[2;1Hâ–½[6n[2;1H  [1;1H[>c]10;?]11;?[1;1H[35m#include [m[31m<stdio.h>[m
[35m#include [m[31m<stdlib.h>[m

[34m/** External routine which returns cpuid info for op in *eax, *ebx,
 *  *ecx, *edx (corresponding to values returned in like-named
 *  registers by x86 cpuid instruction).
 */[m
[32mvoid[m get_cpuid([32mint[m op, [32mint[m *eax, [32mint[m *ebx, [32mint[m *ecx, [32mint[m *edx);

[34m/** Decode vendor string in ebx:edx:ecx into vendor_string (which
 *  is assumed to be large enough.
 */[m
[32mstatic[m [32mvoid[m
decode_vendor_string([32mint[m ebx, [32mint[m ecx, [32mint[m edx, [32mchar[m *vendor_string)
{
  *( (([32mint[m *)vendor_string) + [31m0[m ) = ebx;
  *( (([32mint[m *)vendor_string) + [31m1[m ) = edx;
  *( (([32mint[m *)vendor_string) + [31m2[m ) = ecx;
  *([32mchar[m *)((([32mint[m *)vendor_string + [31m3[m)) = [35m'\0'[m;
}

[34m/** Output cpuid for op specified by first command-line argument on
 *  stdout. If op is [m[31m0[m[34m, decode and output vendor info too.
 */[m
[32mint[m
main([32mint[m argc, [32mconst[m [32mchar[m *argv[])
{
  [38;5;130mif[m (argc != [31m2[m) {
    fprintf([31mstderr[m, [31m"usage: [m[35m%s[m[31m CPUID_OP[m[35m\n[m[31m"[m, argv[[31m0[m]);
    exit([31m1[m);
  }
  [32mint[m op = atoi(argv[[31m1[m]);
  [32mint[m eax, ebx, ecx, edx;
  get_cpuid(op, &eax, &ebx, &ecx, &edx);
  printf([31m"cpuid([m[35m%d[m[31m): eax = 0x[m[35m%x[m[31m; ebx = 0x[m[35m%x[m[31m; edx = 0x[m[35m%x[m[31m; ecx = 0x[m[35m%x\n[m[31m"[m,[36;10Hop, eax, ebx, edx, ecx);
  [38;5;130mif[m (op == [31m0[m) {
    [32mchar[m vendor_string[[31m3[m*[31m4[m + [31m1[m];
    decode_vendor_string(ebx, ecx, edx, vendor_string);
    printf([31m"vendor: [m[35m%s\n[m[31m"[m, vendor_string);
  }
  [38;5;130mreturn[m [31m0[m;
}
[94m~                                                                               [45;1H~                                                                               [46;1H~                                                                               [47;1H~                                                                               [48;1H~                                                                               [m[49;63H1,1[11CAll]2;main.c (~/git-repos/i220a_new/work/lab10/files/cpuid2) - VIM]1;main.c[1;1H[?25hP+q436f\P+q6b75\P+q6b64\P+q6b72\P+q6b6c\P+q2332\P+q2334\P+q2569\P+q2a37\P+q6b31\[?1000l[?1006h[?1002h[?1006l[?1002l[?1006h[?1002h[27m[23m[29m[m[H[2J[?25l[1;1H[38;5;81m#include [m[95m<stdio.h>[m
[38;5;81m#include [m[95m<stdlib.h>[m

[96m/** External routine which returns cpuid info for op in *eax, *ebx,
 *  *ecx, *edx (corresponding to values returned in like-named
 *  registers by x86 cpuid instruction).
 */[m
[38;5;121mvoid[m get_cpuid([38;5;121mint[m op, [38;5;121mint[m *eax, [38;5;121mint[m *ebx, [38;5;121mint[m *ecx, [38;5;121mint[m *edx);

[96m/** Decode vendor string in ebx:edx:ecx into vendor_string (which
 *  is assumed to be large enough.
 */[m
[38;5;121mstatic[m [38;5;121mvoid[m
decode_vendor_string([38;5;121mint[m ebx, [38;5;121mint[m ecx, [38;5;121mint[m edx, [38;5;121mchar[m *vendor_string)
{
  *( (([38;5;121mint[m *)vendor_string) + [95m0[m ) = ebx;
  *( (([38;5;121mint[m *)vendor_string) + [95m1[m ) = edx;
  *( (([38;5;121mint[m *)vendor_string) + [95m2[m ) = ecx;
  *([38;5;121mchar[m *)((([38;5;121mint[m *)vendor_string + [95m3[m)) = [38;5;224m'\0'[m;
}

[96m/** Output cpuid for op specified by first command-line argument on
 *  stdout. If op is [m[95m0[m[96m, decode and output vendor info too.
 */[m
[38;5;121mint[m
main([38;5;121mint[m argc, [38;5;121mconst[m [38;5;121mchar[m *argv[])
{
  [93mif[m (argc != [95m2[m) {
    fprintf([95mstderr[m, [95m"usage: [m[38;5;224m%s[m[95m CPUID_OP[m[38;5;224m\n[m[95m"[m, argv[[95m0[m]);
    exit([95m1[m);
  }
  [38;5;121mint[m op = atoi(argv[[95m1[m]);
  [38;5;121mint[m eax, ebx, ecx, edx;
  get_cpuid(op, &eax, &ebx, &ecx, &edx);
  printf([95m"cpuid([m[38;5;224m%d[m[95m): eax = 0x[m[38;5;224m%x[m[95m; ebx = 0x[m[38;5;224m%x[m[95m; edx = 0x[m[38;5;224m%x[m[95m; ecx = 0x[m[38;5;224m%x\n[m[95m"[m,[36;10Hop, eax, ebx, edx, ecx);
  [93mif[m (op == [95m0[m) {
    [38;5;121mchar[m vendor_string[[95m3[m*[95m4[m + [95m1[m];
    decode_vendor_string(ebx, ecx, edx, vendor_string);
    printf([95m"vendor: [m[38;5;224m%s\n[m[95m"[m, vendor_string);
  }
  [93mreturn[m [95m0[m;
}
[94m~                                                                               [45;1H~                                                                               [46;1H~                                                                               [47;1H~                                                                               [48;1H~                                                                               [m[49;63H1,1[11CAll"main.c" 43L, 1271C[1;1H[?25h[?25l[49;53H~@k[1;1H[49;53H   [2;1H[49;63H2[2;1H[?25h[?25l[49;53H~@k[2;1H[49;53H   [3;1H[49;63H3,0-1[3;1H[?25h[?25l[49;53H~@k[3;1H[49;53H   [4;1H[49;63H4,1  [4;1H[?25h[?25l[49;53H~@k[4;1H[49;53H   [5;1H[49;63H5[5;1H[?25h[?25l[49;53H~@k[5;1H[49;53H   [6;1H[49;63H6[6;1H[?25h[?25l[49;53H~@k[6;1H[49;53H   [7;1H[49;63H7[7;1H[?25h[?25l[49;53H~@k[7;1H[49;53H   [8;1H[49;63H8[8;1H[?25h[?25l[49;53H:[8;1H[49;1H[K[49;1H:[?2004h[?25hx[?25l[?25h[?25l[?1006l[?1002l[?2004l]2;Terminal - ]1;Terminal - [23;2t[23;1t[22;2t[22;1t[23;2t[23;1t[49;1H[K[49;1H[?2004l[?1l>[?25h[?1049l[23;0;0tamchugh2@g7-14:~/i220a_new/work/lab10/files/cpuid2$ cd ..
amchugh2@g7-14:~/i220a_new/work/lab10/files$ cd rotate
amchugh2@g7-14:~/i220a_new/work/lab10/files/rotate$ ls
Makefile  rotate.c  rotate.s
amchugh2@g7-14:~/i220a_new/work/lab10/files/rotate$ cv[K[Kvim rotate.c
[?1000h[?2004h[?1049h[22;0;0t[?1h=[?2004h[1;49r[?12h[?12l[22;2t[22;1t[27m[23m[29m[m[H[2J[?25l[49;1H"rotate.c" 19L, 326C[2;1Hâ–½[6n[2;1H  [1;1H[>c]10;?]11;?[1;1H[35m#include [m[31m<limits.h>[m

[32minline[m [32munsigned[m
rotl([32munsigned[m x, [32mint[m shift)
{
  [38;5;130mreturn[m (x << shift) | (x >> ([38;5;130msizeof[m(x)*[31mCHAR_BIT[m - shift));
}

[32minline[m [32munsigned[m
rotr([32munsigned[m x, [32mint[m shift)
{
  [38;5;130mreturn[m (x >> shift) | (x << ([38;5;130msizeof[m(x)*[31mCHAR_BIT[m - shift));
}

[32munsigned[m
f([32munsigned[m a, [32munsigned[m b, [32munsigned[m n)
{
  [38;5;130mreturn[m rotl(a, n) + rotr(b, n);
}
[94m~                                                                               [21;1H~                                                                               [22;1H~                                                                               [23;1H~                                                                               [24;1H~                                                                               [25;1H~                                                                               [26;1H~                                                                               [27;1H~                                                                               [28;1H~                                                                               [29;1H~                                                                               [30;1H~                                                                               [31;1H~                                                                               [32;1H~                                                                               [33;1H~                                                                               [34;1H~                                                                               [35;1H~                                                                               [36;1H~                                                                               [37;1H~                                                                               [38;1H~                                                                               [39;1H~                                                                               [40;1H~                                                                               [41;1H~                                                                               [42;1H~                                                                               [43;1H~                                                                               [44;1H~                                                                               [45;1H~                                                                               [46;1H~                                                                               [47;1H~                                                                               [48;1H~                                                                               [m[49;63H1,1[11CAll]2;rotate.c (~/git-repos/i220a_new/work/lab10/files/rotate) - VIM]1;rotate.c[1;1H[?25hP+q436f\P+q6b75\P+q6b64\P+q6b72\P+q6b6c\P+q2332\P+q2334\P+q2569\P+q2a37\P+q6b31\[?1000l[?1006h[?1002h[?1006l[?1002l[?1006h[?1002h[27m[23m[29m[m[H[2J[?25l[1;1H[38;5;81m#include [m[95m<limits.h>[m

[38;5;121minline[m [38;5;121munsigned[m
rotl([38;5;121munsigned[m x, [38;5;121mint[m shift)
{
  [93mreturn[m (x << shift) | (x >> ([93msizeof[m(x)*[95mCHAR_BIT[m - shift));
}

[38;5;121minline[m [38;5;121munsigned[m
rotr([38;5;121munsigned[m x, [38;5;121mint[m shift)
{
  [93mreturn[m (x >> shift) | (x << ([93msizeof[m(x)*[95mCHAR_BIT[m - shift));
}

[38;5;121munsigned[m
f([38;5;121munsigned[m a, [38;5;121munsigned[m b, [38;5;121munsigned[m n)
{
  [93mreturn[m rotl(a, n) + rotr(b, n);
}
[94m~                                                                               [21;1H~                                                                               [22;1H~                                                                               [23;1H~                                                                               [24;1H~                                                                               [25;1H~                                                                               [26;1H~                                                                               [27;1H~                                                                               [28;1H~                                                                               [29;1H~                                                                               [30;1H~                                                                               [31;1H~                                                                               [32;1H~                                                                               [33;1H~                                                                               [34;1H~                                                                               [35;1H~                                                                               [36;1H~                                                                               [37;1H~                                                                               [38;1H~                                                                               [39;1H~                                                                               [40;1H~                                                                               [41;1H~                                                                               [42;1H~                                                                               [43;1H~                                                                               [44;1H~                                                                               [45;1H~                                                                               [46;1H~                                                                               [47;1H~                                                                               [48;1H~                                                                               [m[49;63H1,1[11CAll"rotate.c" 19L, 326C[1;1H[?25h[?25l[17;1H[46m{

}[m[49;64H9,1[19;1H[?25h[?25l[49;53H:[19;1H[49;1H[K[49;1H:[?2004h[?25hx[?25l[?25h[?25l[?1006l[?1002l[?2004l]2;Terminal - ]1;Terminal - [23;2t[23;1t[22;2t[22;1t[23;2t[23;1t[49;1H[K[49;1H[?2004l[?1l>[?25h[?1049l[23;0;0tamchugh2@g7-14:~/i220a_new/work/lab10/files/rotate$ vim rotate.cls[Kvim rotate.c[K[K[K[K[K[K[K[K[K[K[K[Kvim rotate.s
[?1000h[?2004h[?1049h[22;0;0t[?1h=[?2004h[1;49r[?12h[?12l[22;2t[22;1t[27m[23m[29m[m[H[2J[?25l[49;1H"rotate.s" 17L, 271C[2;1Hâ–½[6n[2;1H  [1;1H[>c]10;?]11;?[1;9H[38;5;130m.file[m   "[36mrotate[m[38;5;130m.c[m"[2;9H[38;5;130m.text[3;9H.globl[m  [36mf[m[4;9H[38;5;130m.type[m   [36mf[m, @[36mfunction
f[m:
[38;5;130m.LFB2[m:[7;9H[38;5;130m.cfi_startproc[m[8;9H[36mmovl[m    %[36medx[m, %[36mecx[9;9Hroll[m    %[36mcl[m, %[36medi[10;9Hrorl[m    %[36mcl[m, %[36mesi[11;9Hleal[m    (%[36mrdi[m,%[36mrsi[m), %[36meax[12;9Hret[m[13;9H[38;5;130m.cfi_endproc
.LFE2[m:[15;9H[38;5;130m.size[m   [36mf[m, .-[36mf[m[16;9H[38;5;130m.ident[m  "[36mGCC[m: ([36mDebian[m [31m8[m.[31m3[m.0-[31m6[m) [31m8[m.[31m3[m.0"[17;9H[38;5;130m.section[8C.note.GNU-stack[m,"",@[36mprogbits[m
[94m~                                                                               [19;1H~                                                                               [20;1H~                                                                               [21;1H~                                                                               [22;1H~                                                                               [23;1H~                                                                               [24;1H~                                                                               [25;1H~                                                                               [26;1H~                                                                               [27;1H~                                                                               [28;1H~                                                                               [29;1H~                                                                               [30;1H~                                                                               [31;1H~                                                                               [32;1H~                                                                               [33;1H~                                                                               [34;1H~                                                                               [35;1H~                                                                               [36;1H~                                                                               [37;1H~                                                                               [38;1H~                                                                               [39;1H~                                                                               [40;1H~                                                                               [41;1H~                                                                               [42;1H~                                                                               [43;1H~                                                                               [44;1H~                                                                               [45;1H~                                                                               [46;1H~                                                                               [47;1H~                                                                               [48;1H~                                                                               [m[49;63H17,12-26      All]2;rotate.s (~/git-repos/i220a_new/work/lab10/files/rotate) - VIM]1;rotate.s[17;26H[?25hP+q436f\P+q6b75\P+q6b64\P+q6b72\P+q6b6c\P+q2332\P+q2334\P+q2569\P+q2a37\P+q6b31\[?1000l[?1006h[?1002h[?1006l[?1002l[?1006h[?1002h[27m[23m[29m[m[H[2J[?25l[1;9H[93m.file[m   "[1m[96mrotate[m[93m.c[m"[2;9H[93m.text[3;9H.globl[m  [1m[96mf[m[4;9H[93m.type[m   [1m[96mf[m, @[1m[96mfunction
f[m:
[93m.LFB2[m:[7;9H[93m.cfi_startproc[m[8;9H[1m[96mmovl[m    %[1m[96medx[m, %[1m[96mecx[9;9Hroll[m    %[1m[96mcl[m, %[1m[96medi[10;9Hrorl[m    %[1m[96mcl[m, %[1m[96mesi[11;9Hleal[m    (%[1m[96mrdi[m,%[1m[96mrsi[m), %[1m[96meax[12;9Hret[m[13;9H[93m.cfi_endproc
.LFE2[m:[15;9H[93m.size[m   [1m[96mf[m, .-[1m[96mf[m[16;9H[93m.ident[m  "[1m[96mGCC[m: ([1m[96mDebian[m [95m8[m.[95m3[m.0-[95m6[m) [95m8[m.[95m3[m.0"[17;9H[93m.section[8C.note.GNU-stack[m,"",@[1m[96mprogbits[m
[94m~                                                                               [19;1H~                                                                               [20;1H~                                                                               [21;1H~                                                                               [22;1H~                                                                               [23;1H~                                                                               [24;1H~                                                                               [25;1H~                                                                               [26;1H~                                                                               [27;1H~                                                                               [28;1H~                                                                               [29;1H~                                                                               [30;1H~                                                                               [31;1H~                                                                               [32;1H~                                                                               [33;1H~                                                                               [34;1H~                                                                               [35;1H~                                                                               [36;1H~                                                                               [37;1H~                                                                               [38;1H~                                                                               [39;1H~                                                                               [40;1H~                                                                               [41;1H~                                                                               [42;1H~                                                                               [43;1H~                                                                               [44;1H~                                                                               [45;1H~                                                                               [46;1H~                                                                               [47;1H~                                                                               [48;1H~                                                                               [m[49;63H17,12-26      All"rotate.s" 17L, 271C[17;26H[?25h[?25l[49;53H:[17;26H[49;1H[K[49;1H:[?2004h[?25hc[?25l[?25ho[?25l[?25hl[?25l[?25ho[?25l[?25h[?25l [?25hm[?25l[?25ho[?25l[?25hr[?25l[?25hn[?25l[?25hi[?25l[?25hn[?25l[?25hg[?25l[?25h[?25l[30m[47m[17;26H[27m[23m[29m[m[30m[47m[H[2J[1;9H[1m[38;5;130m.file[m[30m[47m   "[36mrotate[m[30m[47m[1m[38;5;130m.c[m[30m[47m"[2;9H[1m[38;5;130m.text[3;9H.globl[m[30m[47m  [36mf[m[30m[47m[4;9H[1m[38;5;130m.type[m[30m[47m   [36mf[m[30m[47m, @[36mfunction
f[m[30m[47m:
[1m[38;5;130m.LFB2[m[30m[47m:[7;9H[1m[38;5;130m.cfi_startproc[m[30m[47m[8;9H[36mmovl[m[30m[47m    %[36medx[m[30m[47m, %[36mecx[9;9Hroll[m[30m[47m    %[36mcl[m[30m[47m, %[36medi[10;9Hrorl[m[30m[47m    %[36mcl[m[30m[47m, %[36mesi[11;9Hleal[m[30m[47m    (%[36mrdi[m[30m[47m,%[36mrsi[m[30m[47m), %[36meax[12;9Hret[m[30m[47m[13;9H[1m[38;5;130m.cfi_endproc
.LFE2[m[30m[47m:[15;9H[1m[38;5;130m.size[m[30m[47m   [36mf[m[30m[47m, .-[36mf[m[30m[47m[16;9H[1m[38;5;130m.ident[m[30m[47m  "[36mGCC[m[30m[47m: ([36mDebian[m[30m[47m [31m8[m[30m[47m.[31m3[m[30m[47m.0-[31m6[m[30m[47m) [31m8[m[30m[47m.[31m3[m[30m[47m.0"[17;9H[1m[38;5;130m.section[8C.note.GNU-stack[m[30m[47m,"",@[36mprogbits[m[30m[47m
[94m~                                                                               [19;1H~                                                                               [20;1H~                                                                               [21;1H~                                                                               [22;1H~                                                                               [23;1H~                                                                               [24;1H~                                                                               [25;1H~                                                                               [26;1H~                                                                               [27;1H~                                                                               [28;1H~                                                                               [29;1H~                                                                               [30;1H~                                                                               [31;1H~                                                                               [32;1H~                                                                               [33;1H~                                                                               [34;1H~                                                                               [35;1H~                                                                               [36;1H~                                                                               [37;1H~                                                                               [38;1H~                                                                               [39;1H~                                                                               [40;1H~                                                                               [41;1H~                                                                               [42;1H~                                                                               [43;1H~                                                                               [44;1H~                                                                               [45;1H~                                                                               [46;1H~                                                                               [47;1H~                                                                               [48;1H~                                                                               [m[30m[47m[49;63H17,12-26      All[17;26H[?25h[?25l[49;66H5-12 [17;12H[?25h[?25l[49;53H1[17;12H[49;1H[1m-- VISUAL --[m[30m[47m[49;53H[K[49;53H1[17;12H[49;63H17,5-12[7CAll[17;12H[?25h[?25l[?25h[?25l[49;53H3[15;12H[1C[1m[38;5;130m[48;5;248me[m[30m[47m[48;5;248m   [m[30m[47m[36m[48;5;248mf[m[30m[47m[48;5;248m, .-[m[30m[47m[36m[48;5;248mf[m[30m[47m[48;5;248m 
        [m[30m[47m[1m[38;5;130m[48;5;248m.ident[m[30m[47m[48;5;248m  "[m[30m[47m[36m[48;5;248mGCC[m[30m[47m[48;5;248m: ([m[30m[47m[36m[48;5;248mDebian[m[30m[47m[48;5;248m [m[30m[47m[31m[48;5;248m8[m[30m[47m[48;5;248m.[m[30m[47m[31m[48;5;248m3[m[30m[47m[48;5;248m.0-[m[30m[47m[31m[48;5;248m6[m[30m[47m[48;5;248m) [m[30m[47m[31m[48;5;248m8[m[30m[47m[48;5;248m.[m[30m[47m[31m[48;5;248m3[m[30m[47m[48;5;248m.0" 
        [m[30m[47m[1m[38;5;130m[48;5;248m.sec[m[30m[47m[1m[38;5;130mtion[m[30m[47m [49;64H5[15;12H[?25h[?25l[49;53H4[14;7H
[48;5;248m        [m[30m[47m[1m[38;5;130m[48;5;248m.size[m[30m[47m[48;5;248m [m[30m[47m[49;64H4,7   [14;7H[?25h[?25l[49;53H5[13;12H[1C[1m[38;5;130m[48;5;248m_endproc[m[30m[47m[48;5;248m [m[30m[47m
[1m[38;5;130m[48;5;248m.LFE2[m[30m[47m[48;5;248m: [m[30m[47m[49;64H3,5-12[13;12H[?25h[?25l[49;53H6[12;11H[1C[48;5;248m 
        [m[30m[47m[1m[38;5;130m[48;5;248m.cfi_endproc[m[30m[47m[48;5;248m [m[30m[47m[49;64H2,4-11[12;11H[?25h[?25l[49;53H9[9;11H[1C[36m[48;5;248ml[m[30m[47m[48;5;248m    %[m[30m[47m[36m[48;5;248mcl[m[30m[47m[48;5;248m, %[m[30m[47m[36m[48;5;248medi[m[30m[47m[48;5;248m 
        [m[30m[47m[36m[48;5;248mrorl[m[30m[47m[48;5;248m    %[m[30m[47m[36m[48;5;248mcl[m[30m[47m[48;5;248m, %[m[30m[47m[36m[48;5;248mesi[m[30m[47m[48;5;248m 
        [m[30m[47m[36m[48;5;248mleal[m[30m[47m[48;5;248m    (%[m[30m[47m[36m[48;5;248mrdi[m[30m[47m[48;5;248m,%[m[30m[47m[36m[48;5;248mrsi[m[30m[47m[48;5;248m), %[m[30m[47m[36m[48;5;248meax[m[30m[47m[48;5;248m 
        [m[30m[47m[36m[48;5;248mret[m[30m[47m[49;63H9,4-11 [9;11H[?25h[?25l[49;53H12[6;7H
[48;5;248m        [m[30m[47m[1m[38;5;130m[48;5;248m.cfi_startproc[m[30m[47m[48;5;248m 
        [m[30m[47m[36m[48;5;248mmovl[m[30m[47m[48;5;248m    %[m[30m[47m[36m[48;5;248medx[m[30m[47m[48;5;248m, %[m[30m[47m[36m[48;5;248mecx[m[30m[47m[48;5;248m 
        [m[30m[47m[36m[48;5;248mrol[m[30m[47m[49;63H6,7   [6;7H[?25h[?25l[49;54H4[4;10H[1C[1m[38;5;130m[48;5;248mype[m[30m[47m[48;5;248m   [m[30m[47m[36m[48;5;248mf[m[30m[47m[48;5;248m, @[m[30m[47m[36m[48;5;248mfunction[m[30m[47m[48;5;248m [m[30m[47m
[36m[48;5;248mf[m[30m[47m[48;5;248m: [m[30m[47m
[1m[38;5;130m[48;5;248m.LFB2[m[30m[47m[48;5;248m: [m[30m[47m[49;63H4,3-10[4;10H[?25h[?25l[49;54H7[1;10H[1C[1m[38;5;130m[48;5;248mile[m[30m[47m[48;5;248m   "[m[30m[47m[36m[48;5;248mrotate[m[30m[47m[1m[38;5;130m[48;5;248m.c[m[30m[47m[48;5;248m" 
        [m[30m[47m[1m[38;5;130m[48;5;248m.text[m[30m[47m[48;5;248m 
        [m[30m[47m[1m[38;5;130m[48;5;248m.globl[m[30m[47m[48;5;248m  [m[30m[47m[36m[48;5;248mf[m[30m[47m[48;5;248m 
        [m[30m[47m[1m[38;5;130m[48;5;248m.type[m[30m[47m[48;5;248m [m[30m[47m[49;63H1[1;10H[?25h[?25l[1C[1m[38;5;130mi[m[30m[47m[1m[38;5;130m[48;5;248mle[m[30m[47m[48;5;248m [m[30m[47m[49;65H4-11[1;11H[?25h[?25l[?25h[?25l[49;53H~@k[1;11H[49;53H17 [1;11H[?25h[?25l[49;53H~@k[1;11H[49;53H16 [2;11H[1;12H[1m[38;5;130mle[m[30m[47m   "[36mrotate[m[30m[47m[1m[38;5;130m.c[m[30m[47m"[1;27H[K[2;1H        [1m[38;5;130m.te[m[30m[47m[1m[38;5;130m[48;5;248mxt[m[30m[47m[48;5;248m [m[30m[47m[49;63H2[2;11H[?25h[?25l[49;53H~@k[2;11H[49;53H15 [3;11H[2;12H[1m[38;5;130mxt[m[30m[47m[2;14H[K[3;1H        [1m[38;5;130m.gl[m[30m[47m[1m[38;5;130m[48;5;248mobl[m[30m[47m[48;5;248m [m[30m[47m[49;63H3[3;11H[?25h[?25l[49;53H~@k[3;11H[49;53H14 [4;11H[3;12H[1m[38;5;130mobl[m[30m[47m  [36mf[m[30m[47m[3;18H[K[4;1H        [1m[38;5;130m.ty[m[30m[47m[1m[38;5;130m[48;5;248mpe[m[30m[47m[48;5;248m [m[30m[47m[49;63H4[4;11H[?25h[?25l[49;53H~@k[4;11H[49;53H13 [5;3H[4;12H[1m[38;5;130mpe[m[30m[47m   [36mf[m[30m[47m, @[36mfunction[m[30m[47m[4;29H[K[5;1H[36mf[m[30m[47m:[5;3H[K[49;63H5,3   [5;3H[?25h[?25l[49;53H~@k[5;3H[49;53H12 [6;7H[1m[38;5;130m.LFB2[m[30m[47m:[6;7H[K[49;63H6,7[6;7H[?25h[?25l[49;53H~@k[6;7H[49;53H11 [7;11H        [1m[38;5;130m.cf[m[30m[47m[1m[38;5;130m[48;5;248mi_startproc[m[30m[47m[48;5;248m [m[30m[47m[49;63H7,4-11[7;11H[?25h[?25l[49;53H~@k[7;11H[49;53H10 [8;11H[7;12H[1m[38;5;130mi_startproc[m[30m[47m[7;23H[K[8;1H        [36mmov[m[30m[47m[49;63H8[8;11H[?25h[?25l[49;53H~@k[8;11H[49;53H9  [9;11H[8;12H[36ml[m[30m[47m    %[36medx[m[30m[47m, %[36mecx[m[30m[47m[8;27H[K[9;1H        [36mrol[m[30m[47m[49;63H9[9;11H[?25h[?25l[49;53H~@k[9;11H[49;53H8  [10;11H[9;12H[36ml[m[30m[47m    %[36mcl[m[30m[47m, %[36medi[m[30m[47m[9;26H[K[10;1H        [36mror[m[30m[47m[49;63H10,4-11[10;11H[?25h[?25l[49;53H~@k[10;11H[49;53H7  [11;11H[10;12H[36ml[m[30m[47m    %[36mcl[m[30m[47m, %[36mesi[m[30m[47m[10;26H[K[11;1H        [36mlea[m[30m[47m[49;64H1[11;11H[?25h[?25l[49;53H~@k[11;11H[49;53H8  [10;11H[1C[36m[48;5;248ml[m[30m[47m[48;5;248m    %[m[30m[47m[36m[48;5;248mcl[m[30m[47m[48;5;248m, %[m[30m[47m[36m[48;5;248mesi[m[30m[47m[48;5;248m 
        [m[30m[47m[36m[48;5;248mlea[m[30m[47m[49;64H0[10;11H[?25h[?25l[49;53H~@k[10;11H[49;53H9  [9;11H[1C[36m[48;5;248ml[m[30m[47m[48;5;248m    %[m[30m[47m[36m[48;5;248mcl[m[30m[47m[48;5;248m, %[m[30m[47m[36m[48;5;248medi[m[30m[47m[48;5;248m 
        [m[30m[47m[36m[48;5;248mror[m[30m[47m[49;63H9,4-11 [9;11H[?25h[?25l[49;53H~@k[9;11H[49;53H8  [10;11H[9;12H[36ml[m[30m[47m    %[36mcl[m[30m[47m, %[36medi[m[30m[47m[9;26H[K[10;1H        [36mror[m[30m[47m[49;63H10,4-11[10;11H[?25h[?25l[49;53H~@k[10;11H[49;53H9  [9;11H[1C[36m[48;5;248ml[m[30m[47m[48;5;248m    %[m[30m[47m[36m[48;5;248mcl[m[30m[47m[48;5;248m, %[m[30m[47m[36m[48;5;248medi[m[30m[47m[48;5;248m 
        [m[30m[47m[36m[48;5;248mror[m[30m[47m[49;63H9,4-11 [9;11H[?25h[?25l[49;53H~@k[9;11H[49;53H10 [8;11H[1C[36m[48;5;248ml[m[30m[47m[48;5;248m    %[m[30m[47m[36m[48;5;248medx[m[30m[47m[48;5;248m, %[m[30m[47m[36m[48;5;248mecx[m[30m[47m[48;5;248m 
        [m[30m[47m[36m[48;5;248mrol[m[30m[47m[49;63H8[8;11H[?25h[?25l[1C[1m[4m[36ml[m[30m[47m[1m[4m    %[m[30m[47m[1m[4m[36medx[m[30m[47m[1m[4m, %[m[30m[47m[1m[4m[36mecx[m[30m[47m[1m[4m 
        [m[30m[47m[1m[4m[36mroll[m[30m[47m[1m[4m    %[m[30m[47m[1m[4m[36mcl[m[30m[47m[1m[4m, %[m[30m[47m[1m[4m[36medi[m[30m[47m[1m[4m 
        [m[30m[47m[1m[4m[36mrorl[m[30m[47m[1m[4m    %[m[30m[47m[1m[4m[36mcl[m[30m[47m[1m[4m, %[m[30m[47m[1m[4m[36mesi[m[30m[47m[1m[4m 
        [m[30m[47m[1m[4m[36mleal[m[30m[47m[1m[4m    (%[m[30m[47m[1m[4m[36mrdi[m[30m[47m[1m[4m,%[m[30m[47m[1m[4m[36mrsi[m[30m[47m[1m[4m), %[m[30m[47m[1m[4m[36meax[m[30m[47m[1m[4m 
        [m[30m[47m[1m[4m[36mret[m[30m[47m[1m[4m 
        [m[30m[47m[1m[4m[38;5;130m.cfi_endproc[m[30m[47m[1m[4m [m[30m[47m
[1m[4m[38;5;130m.LFE2[m[30m[47m[1m[4m: 
        [m[30m[47m[1m[4m[38;5;130m.size[m[30m[47m[1m[4m   [m[30m[47m[1m[4m[36mf[m[30m[47m[1m[4m, .-[m[30m[47m[1m[4m[36mf[m[30m[47m[1m[4m 
        [m[30m[47m[1m[4m[38;5;130m.ident[m[30m[47m[1m[4m  "[m[30m[47m[1m[4m[36mGCC[m[30m[47m[1m[4m: ([m[30m[47m[1m[4m[36mDebian[m[30m[47m[1m[4m [m[30m[47m[1m[4m[31m8[m[30m[47m[1m[4m.[m[30m[47m[1m[4m[31m3[m[30m[47m[1m[4m.0-[m[30m[47m[1m[4m[31m6[m[30m[47m[1m[4m) [m[30m[47m[1m[4m[31m8[m[30m[47m[1m[4m.[m[30m[47m[1m[4m[31m3[m[30m[47m[1m[4m.0" 
        [m[30m[47m[1m[4m[38;5;130m.sec