Script started on 2019-11-10 10:20:52-05:00 [TERM="xterm" TTY="/dev/pts/5" COLUMNS="77" LINES="36"]
amchugh2@remote02:~/i220a_new/work/lab12/quote-files$ echo \\
\
amchugh2@remote02:~/i220a_new/work/lab12/quote-files$ echo \'
'
amchugh2@remote02:~/i220a_new/work/lab12/quote-files$ echo \*
*
amchugh2@remote02:~/i220a_new/work/lab12/quote-files$ echo ][K\@[K$HOME][K\"\\
$HOME"\
amchugh2@remote02:~/i220a_new/work/lab12/quote-files$ echo '\'
\
amchugh2@remote02:~/i220a_new/work/lab12/quote-files$ echo \[K'\\'
\\
amchugh2@remote02:~/i220a_new/work/lab12/quote-files$ echo '*$~'
*$~
amchugh2@remote02:~/i220a_new/work/lab12/quote-files$ echo "\"\\"
"\
amchugh2@remote02:~/i220a_new/work/lab12/quote-files$ echo \
> abc 
abc
amchugh2@remote02:~/i220a_new/work/lab12/quote-files$ ls 
'**'  '1$2'  "'12"  '1"2'  'a$b'  '\\ab'  'a"b'  "a'b"	 -l   lab12.log
amchugh2@remote02:~/i220a_new/work/lab12/quote-files$ ls *\$*
'1$2'  'a$b'
amchugh2@remote02:~/i220a_new/work/lab12/quote-files$ q
bash: q: command not found
amchugh2@remote02:~/i220a_new/work/lab12/quote-files$ vim [K[K[K[Ktouch lab12_output.txt
amchugh2@remote02:~/i220a_new/work/lab12/quote-files$ vim lab12_output.x[Ktxt
[?1000h[?2004h[?1049h[22;0;0t[?1h=[?2004h[1;36r[?12h[?12l[22;2t[22;1t[27m[23m[29m[m[H[2J[?25l[36;1H"lab12_output.txt" 0L, 0C[2;1Hâ–½[6n[2;1H  [1;1H[>c]10;?]11;?[2;1H[1m[34m~                                                                            [3;1H~                                                                            [4;1H~                                                                            [5;1H~                                                                            [6;1H~                                                                            [7;1H~                                                                            [8;1H~                                                                            [9;1H~                                                                            [10;1H~                                                                            [11;1H~                                                                            [12;1H~                                                                            [13;1H~                                                                            [14;1H~                                                                            [15;1H~                                                                            [16;1H~                                                                            [17;1H~                                                                            [18;1H~                                                                            [19;1H~                                                                            [20;1H~                                                                            [21;1H~                                                                            [22;1H~                                                                            [23;1H~                                                                            [24;1H~                                                                            [25;1H~                                                                            [26;1H~                                                                            [27;1H~                                                                            [28;1H~                                                                            [29;1H~                                                                            [30;1H~                                                                            [31;1H~                                                                            [32;1H~                                                                            [33;1H~                                                                            [34;1H~                                                                            [35;1H~                                                                            [m[36;60H0,0-1[9CAll[1;1H[?25h[?25l[36;50H~@k[1;1H[36;50H   [1;1H[36;1H[1m-- INSERT --[m[36;13H[K[36;60H0,1[11CAll[1;1H[?25h[?25lA[36;60H1,2[1;2H[?25h[?25lb[36;62H3[1;3H[?25h[?25lb[36;62H4[1;4H[?25h[?25ly[36;62H5[1;5H[?25h[?25l[36;62H6[1;6H[?25h[?25lM[36;62H7[1;7H[?25h[?25lc[36;62H8[1;8H[?25h[?25lH[36;62H9[1;9H[?25h[?25lu[36;62H10[1;10H[?25h[?25lg[36;63H1[1;11H[?25h[?25lh[36;63H2[1;12H[?25h[?25l[36;63H3[1;13H[?25h[?25l-[36;63H4[1;14H[?25h[?25l[36;63H5[1;15H[?25h[?25lA[36;63H6[1;16H[?25h[?25l5[36;63H7[1;17H[?25h[?25l4[36;63H8[1;18H[?25h[?25l[1;17H[K[36;63H7[1;17H[?25h[?25l2[36;63H8[1;18H[?25h[?25l[2;1H[K[36;60H2,1 [2;1H[?25h[?25l[3;1H[K[36;60H3[3;1H[?25h[?25le[36;62H2[3;2H[?25h[?25l[3;1H[K[36;62H1[3;1H[?25h[?25lE[36;62H2[3;2H[?25h[?25lx[36;62H3[3;3H[?25h[?25lr[36;62H4[3;4H[?25h[?25l[3;3H[K[36;62H3[3;3H[?25h[?25le[36;62H4[3;4H[?25h[?25lr[36;62H5[3;5H[?25h[?25lc[36;62H6[3;6H[?25h[?25li[36;62H7[3;7H[?25h[?25lz[36;62H8[3;8H[?25h[?25le[36;62H9[3;9H[?25h[?25l[36;62H10[3;10H[?25h[?25l1[36;63H1[3;11H[?25h[?25l:[36;63H2[3;12H[?25h[?25l[4;1H[K[36;60H4,1 [4;1H[?25h[?25ll[36;62H2[4;2H[?25h[?25ls[36;62H3[4;3H[?25h[?25l[36;62H4[4;4H[?25h[?25l*[36;62H5[4;5H[?25h[?25l\[36;62H6[4;6H[?25h[?25l$[36;62H7[4;7H[?25h[?25l*[36;62H8[4;8H[?25h[?25l[5;1H[K[36;60H5,1[5;1H[?25h[?25l'[36;62H2[5;2H[?25h[?25l1[36;62H3[5;3H[?25h[?25l[5;2H[K[36;62H2[5;2H[?25h[?25l1[36;62H3[5;3H[?25h[?25l$[36;62H4[5;4H[?25h[?25l2[36;62H5[5;5H[?25h[?25l"[36;62H6[5;6H[?25h[?25l[5;5H[K[36;62H5[5;5H[?25h[?25l'[36;62H6[5;6H[?25h[?25l[36;62H7[5;7H[?25h[?25l'[36;62H8[5;8H[?25h[?25la[36;62H9[5;9H[?25h[?25l@[36;62H10[5;10H[?25h[?25l[5;9H[K[36;62H9 [5;9H[?25h[?25l$[36;62H10[5;10H[?25h[?25lb[36;63H1[5;11H[?25h[?25l'[36;63H2[5;12H[?25h[?25l[6;1H[K[36;60H6,1 [6;1H[?25h[?25l[7;1H[K[36;60H7[7;1H[?25h[?25lE[36;62H2[7;2H[?25h[?25lx[36;62H3[7;3H[?25h[?25le[36;62H4[7;4H[?25h[?25lr[36;62H5[7;5H[?25h[?25lc[36;62H6[7;6H[?25h[?25li[36;62H7[7;7H[?25h[?25lz[36;62H8[7;8H[?25h[?25le[36;62H9[7;9H[?25h[?25l[36;62H10[7;10H[?25h[?25l2[36;63H1[7;11H[?25h[?25l:[36;63H2[7;12H[?25h[?25l[8;1H[K[36;60H8,1 [8;1H[?25h[?25ll[36;62H2[8;2H[?25h[?25ls[36;62H3[8;3H[?25h[?25l[36;62H4[8;4H[?25h[?25l*[36;62H5[8;5H[?25h[?25l\[36;62H6[8;6H[?25h[?25l'[36;62H7[8;7H[?25h[?25l*[36;62H8[8;8H[?25h[?25l[9;1H[K[36;60H9,1[9;1H[?25h[?25l[10;1H[K[36;60H10,1[10;1H[?25h[?25l[1m[34m~                                                                            [m[36;60H9,1 [9;1H[?25h[?25l"[36;62H2[9;2H[?25h[?25l'[36;62H3[9;3H[?25h[?25l1[36;62H4[9;4H[?25h[?25l2[36;62H5[9;5H[?25h[?25l"[36;62H6[9;6H[?25h[?25l[36;62H7[9;7H[?25h[?25l"[36;62H8[9;8H[?25h[?25la[36;62H9[9;9H[?25h[?25l'[36;62H10[9;10H[?25h[?25lb[36;63H1[9;11H[?25h[?25l"[36;63H2[9;12H[?25h[?25l[10;1H[K[36;60H10,1[10;1H[?25h[?25l[11;1H[K[36;61H1[11;1H[?25h[?25lE[36;63H2[11;2H[?25h[?25lx[36;63H3[11;3H[?25h[?25lr[36;63H4[11;4H[?25h[?25l[11;3H[K[36;63H3[11;3H[?25h[?25le[36;63H4[11;4H[?25h[?25lr[36;63H5[11;5H[?25h[?25li[36;63H6[11;6H[?25h[?25l[11;5H[K[36;63H5[11;5H[?25h[?25li[36;63H6[11;6H[?25h[?25l[11;5H[K[36;63H5[11;5H[?25h[?25lc[36;63H6[11;6H[?25h[?25li[36;63H7[11;7H[?25h[?25lz[36;63H8[11;8H[?25h[?25le[36;63H9[11;9H[?25h[?25l[36;63H10[11;10H[?25h[?25l3[36;64H1[11;11H[?25h[?25l:[36;64H2[11;12H[?25h[?25l[11;11H[K[36;64H1[11;11H[?25h[?25l[11;10H[K[36;64H0[11;10H[?25h[?25l[36;63H9 [11;9H[?25h[?25l[11;8H[K[36;63H8[11;8H[?25h[?25l[11;7H[K[36;63H7[11;7H[?25h[?25l[11;6H[K[36;63H6[11;6H[?25h[?25l[11;5H[K[36;63H5[11;5H[?25h[?25l[11;4H[K[36;63H4[11;4H[?25h[?25l[11;3H[K[36;63H3[11;3H[?25h[?25l[11;2H[K[36;63H2[11;2H[?25h[?25l[11;1H[K[36;63H1[11;1H[?25h[?25l[1m[34m~                                                                            [m[36;61H0[10;1H[?25h[?25l[36;60H7,12[7;12H[?25h[?25l[7;11H[K[36;63H1[7;11H[?25h[?25l[7;10H[K[36;63H0[7;10H[?25h[?25l[36;62H9 [7;9H[?25h[?25l[7;8H[K[36;62H8[7;8H[?25h[?25l[7;7H[K[36;62H7[7;7H[?25h[?25l[7;6H[K[36;62H6[7;6H[?25h[?25l[7;5H[K[36;62H5[7;5H[?25h[?25l[7;4H[K[36;62H4[7;4H[?25h[?25l[7;3H[K[36;62H3[7;3H[?25h[?25l[7;2H[K[36;62H2[7;2H[?25h[?25l[7;1H[K[36;62H1[7;1H[?25h[?25l[6;35r[35;1H
[1;36r[35;1H[1m[34m~                                                                            [m[36;60H[K[36;60H6,1[11CAll[6;1H[?25h[?25l[36;60H8,12[8;12H[?25h[?25l[9;35r[9;1H[L[1;36r[36;60H[K[36;60H9,1[11CAll[9;1H[?25h[?25l[10;35r[10;1H[L[1;36r[36;60H[K[36;60H10,1[10CAll[10;1H[?25h[?25ll[36;63H2[10;2H[?25h[?25ls[36;63H3[10;3H[?25h[?25l[36;63H4[10;4H[?25h[?25l*[36;63H5[10;5H[?25h[?25l\[36;63H6[10;6H[?25h[?25l\[36;63H7[10;7H[?25h[?25l*[36;63H8[10;8H[?25h[?25l[11;35r[11;1H[L[1;36r[36;60H[K[36;60H11,1[10CAll[11;1H[?25h[?25l'[36;63H2[11;2H[?25h[?25l\[36;63H3[11;3H[?25h[?25l\[36;63H4[11;4H[?25h[?25la[36;63H5[11;5H[?25h[?25lb[36;63H6[11;6H[?25h[?25l'[36;63H7[11;7H[?25h[?25l[12;35r[12;1H[L[1;36r[36;60H[K[36;60H12,1[10CAll[12;1H[?25h[?25l[13;35r[13;1H[L[1;36r[36;60H[K[36;60H13,1[10CAll[13;1H[?25h[?25ll[36;63H2[13;2H[?25h[?25ls[36;63H3[13;3H[?25h[?25l[36;63H4[13;4H[?25h[?25l-[36;63H5[13;5H[?25h[?25l-[36;63H6[13;6H[?25h[?25l[36;63H7[13;7H[?25h[?25l?[36;63H8[13;8H[?25h[?25l?[36;63H9[13;9H[?25h[?25l[14;35r[14;1H[L[1;36r[36;60H[K[36;60H14,1[10CAll[14;1H[?25h[?25l'[36;63H2[14;2H[?25h[?25l*[36;63H3[14;3H[?25h[?25l*[36;63H4[14;4H[?25h[?25l'[36;63H5[14;5H[?25h[?25l[36;63H6[14;6H[?25h[?25l-[36;63H7[14;7H[?25h[?25ll[36;63H8[14;8H[?25h[?25l[15;35r[15;1H[L[1;36r[36;60H[K[36;60H15,1[10CAll[15;1H[?25h[?25l[16;35r[16;1H[L[1;36r[36;60H[K[36;60H16,1[10CAll[16;1H[?25h[?25le[36;63H2[16;2H[?25h[?25lx[36;63H3[16;3H[?25h[?25l[16;2H[K[36;63H2[16;2H[?25h[?25l[16;1H[K[36;63H1[16;1H[?25h[?25lE[36;63H2[16;2H[?25h[?25lx[36;63H3[16;3H[?25h[?25le[36;63H4[16;4H[?25h[?25lr[36;63H5[16;5H[?25h[?25lc[36;63H6[16;6H[?25h[?25li[36;63H7[16;7H[?25h[?25lz[36;63H8[16;8H[?25h[?25le[36;63H9[16;9H[?25h[?25l[36;63H10[16;10H[?25h[?25l5[36;64H1[16;11H[?25h[?25l:[36;64H2[16;12H[?25h[?25l[17;35r[17;1H[L[1;36r[36;60H[K[36;60H17,1[10CAll[17;1H[?25h[?25lg[36;63H2[17;2H[?25h[?25lr[36;63H3[17;3H[?25h[?25le[36;63H4[17;4H[?25h[?25lp[36;63H5[17;5H[?25h[?25l[36;63H6[17;6H[?25h[?25li[36;63H7[17;7H[?25h[?25l[36;63H8[17;8H[?25h[?25l[36;63H7[17;7H[?25h[?25l[17;6H[K[36;63H6[17;6H[?25h[?25l-[36;63H7[17;7H[?25h[?25li[36;63H8[17;8H[?25h[?25l[36;63H9[17;9H[?25h[?25l'[36;63H10[17;10H[?25h[?25l\[36;64H1[17;11H[?25h[?25l*[36;64H2[17;12H[?25h[?25l'[36;64H3[17;13H[?25h[?25l[36;64H4[17;14H[?25h[?25l[18;35r[18;1H[L[1;36r[36;60H[K[36;60H18,1[10CAll[18;1H[?25h[?25l[17;35r[35;1H
[1;36r[17;1Hgrep -i '\*'[35;1H[1m[34m~                                                                            [m[36;60H[K[36;60H17,14[9CAll[17;14H[?25h[?25l'[36;64H5[17;15H[?25h[?25lf[36;64H6[17;16H[?25h[?25li[36;64H7[17;17H[?25h[?25ln[36;64H8[17;18H[?25h[?25ld[36;64H9[17;19H[?25h[?25l[36;63H20[17;20H[?25h[?25l~[36;64H1[17;21H[?25h[?25l/[36;64H2[17;22H[?25h[?25lc[36;64H3[17;23H[?25h[?25ls[36;64H4[17;24H[?25h[?25l2[36;64H5[17;25H[?25h[?25l2[36;64H6[17;26H[?25h[?25l0[36;64H7[17;27H[?25h[?25l/[36;64H8[17;28H[?25h[?25lp[36;64H9[17;29H[?25h[?25lr[36;63H30[17;30H[?25h[?25lo[36;64H1[17;31H[?25h[?25lj[36;64H2[17;32H[?25h[?25le[36;64H3[17;33H[?25h[?25lc[36;64H4[17;34H[?25h[?25lt[36;64H5[17;35H[?25h[?25ls[36;64H6[17;36H[?25h[?25l/[36;64H7[17;37H[?25h[?25l[17;36H[K[36;64H6[17;36H[?25h[?25l[36;64H7[17;37H[?25h[?25l-[36;64H8[17;38H[?25h[?25ln[36;64H9[17;39H[?25h[?25la[36;63H40[17;40H[?25h[?25lm[36;64H1[17;41H[?25h[?25le[36;64H2[17;42H[?25h[?25l[36;64H3[17;43H[?25h[?25l'[36;64H4[17;44H[?25h[?25l*[36;64H5[17;45H[?25h[?25l.[36;64H6[17;46H[?25h[?25l[[36;64H7[17;47H[?25h[?25lc[36;64H8[17;48H[?25h[?25lh[36;64H9[17;49H[?25h[?25l[46m[[mch[46m][m[36;63H50[17;50H[?25h[?25l[ch]'[36;64H1[17;51H[?25h[?25l[36;64H2[17;52H[?25h[?25l|[36;64H3[17;53H[?25h[?25l[36;64H4[17;54H[?25h[?25lw[36;64H5[17;55H[?25h[?25lc[36;64H6[17;56H[?25h[?25l[36;64H7[17;57H[?25h[?25l-[36;64H8[17;58H[?25h[?25ll[36;64H9[17;59H[?25h[?25l[18;35r[18;1H[L[1;36r[36;60H[K[36;60H18,1[10CAll[18;1H[?25h[?25l7[36;63H2[18;2H[?25h[?25l5[36;63H3[18;3H[?25h[?25l1[36;63H4[18;4H[?25h[?25l[19;35r[19;1H[L[1;36r[36;60H[K[36;60H19,1[10CAll[19;1H[?25h[?25l[20;35r[20;1H[L[1;36r[36;60H[K[36;60H20,1[10CAll[20;1H[?25h[?25lE[36;63H2[20;2H[?25h[?25lx[36;63H3[20;3H[?25h[?25le[36;63H4[20;4H[?25h[?25lr[36;63H5[20;5H[?25h[?25lc[36;63H6[20;6H[?25h[?25lz[36;63H7[20;7H[?25h[?25le[36;63H8[20;8H[?25h[?25l[20;7H[K[36;63H7[20;7H[?25h[?25l[20;6H[K[36;63H6[20;6H[?25h[?25li[36;63H7[20;7H[?25h[?25lz[36;63H8[20;8H[?25h[?25le[36;63H9[20;9H[?25h[?25l[36;63H10[20;10H[?25h[?25l6[36;64H1[20;11H[?25h[?25l:[36;64H2[20;12H[?25h[?25l[21;35r[21;1H[L[1;36r[36;60H[K[36;60H21,1[10CAll[21;1H[?25h[?25lf[36;63H2[21;2H[?25h[?25la[36;63H3[21;3H[?25h[?25ll[36;63H4[21;4H[?25h[?25ls[36;63H5[21;5H[?25h[?25le[36;63H6[21;6H[?25h[?25l[36;63H7[21;7H[?25h[?25l\[36;63H8[21;8H[?25h[?25l\[36;63H9[21;9H[?25h[?25ls[36;63H10[21;10H[?25h[?25l[36;64H1[21;11H[?25h[?25l[36;64H0[21;10H[?25h[?25l[21;9H[K[36;63H9 [21;9H[?25h[?25l[21;8H[K[36;63H8[21;8H[?25h[?25l[21;7H[K[36;63H7[21;7H[?25h[?25l[36;63H6[21;6H[?25h[?25l[36;63H7[21;7H[?25h[?25l|[36;63H8[21;8H[?25h[?25l|[36;63H9[21;9H[?25h[?25l[36;63H10[21;10H[?25h[?25ls[36;64H1[21;11H[?25h[?25ll[36;64H2[21;12H[?25h[?25le[36;64H3[21;13H[?25h[?25le[36;64H4[21;14H[?25h[?25lp[36;64H5[21;15H[?25h[?25l[36;64H6[21;16H[?25h[?25l5[36;64H7[21;17H[?25h[?25l;[36;64H8[21;18H[?25h[?25l[36;64H9[21;19H[?25h[?25le[36;63H20[21;20H[?25h[?25lc[36;64H1[21;21H[?25h[?25lh[36;64H2[21;22H[?25h[?25lo[36;64H3[21;23H[?25h[?25l[36;64H4[21;24H[?25h[?25l1[36;64H5[21;25H[?25h[?25l2[36;64H6[21;26H[?25h[?25l3[36;64H7[21;27H[?25h[?25l[22;35r[22;1H[L[1;36r[36;60H[K[36;60H22,1[10CAll[22;1H[?25h[?25l1[36;63H2[22;2H[?25h[?25l2[36;63H3[22;3H[?25h[?25l3[36;63H4[22;4H[?25h[?25l[23;35r[23;1H[L[1;36r[36;60H[K[36;60H23,1[10CAll[23;1H[?25h[?25l[24;35r[24;1H[L[1;36r[36;60H[K[36;60H24,1[10CAll[24;1H[?25h[?25lE[36;63H2[24;2H[?25h[?25lx[36;63H3[24;3H[?25h[?25le[36;63H4[24;4H[?25h[?25lr[36;63H5[24;5H[?25h[?25lc[36;63H6[24;6H[?25h[?25li[36;63H7[24;7H[?25h[?25l[24;6H[K[36;63H6[24;6H[?25h[?25l[24;5H[K[36;63H5[24;5H[?25h[?25l[24;4H[K[36;63H4[24;4H[?25h[?25l[24;3H[K[36;63H3[24;3H[?25h[?25l[24;2H[K[36;63H2[24;2H[?25h[?25l[24;1H[K[36;63H1[24;1H[?25h[?25lt[36;63H2[24;2H[?25h[?25lr[36;63H3[24;3H[?25h[?25lu[36;63H4[24;4H[?25h[?25le[36;63H5[24;5H[?25h[?25l[36;63H6[24;6H[?25h[?25l&[36;63H7[24;7H[?25h[?25l&[36;63H8[24;8H[?25h[?25l[36;63H9[24;9H[?25h[?25ls[36;63H10[24;10H[?25h[?25ll[36;64H1[24;11H[?25h[?25le[36;64H2[24;12H[?25h[?25le[36;64H3[24;13H[?25h[?25lp[36;64H4[24;14H[?25h[?25l[36;64H5[24;15H[?25h[?25l5[36;64H6[24;16H[?25h[?25l;[36